[2026-05-13 21:47:14] SEARCH | query=naruto
[2026-05-13 21:47:20] SCRAPE | title=Naruto
[2026-05-13 21:47:26] SCRAPE | title=The Last: Naruto the Movie
[2026-05-14 17:34:40] TOP_SEASON | loaded
[2026-05-14 17:34:42] RANDOM | loaded
[2026-05-14 17:34:44] RANDOM | loaded
[2026-05-14 17:34:46] RANDOM | loaded
[2026-05-14 17:34:47] RANDOM | loaded
[2026-05-14 17:34:49] RANDOM | loaded
[2026-05-14 17:48:20] SEARCH | query=naruto
[2026-05-14 17:48:23] SCRAPE | title=Naruto
[2026-05-14 17:48:28] SCRAPE | title=The Last: Naruto the Movie
[2026-05-14 17:48:35] TOP_SEASON | loaded
[2026-05-14 17:48:38] SCRAPE | title=Tongari Boushi no Atelier
[2026-05-14 17:48:42] RANDOM | loaded
[2026-05-14 17:48:44] SCRAPE | title=Tianmu
[2026-05-14 22:16:23] TOP_SEASON | loaded
[2026-05-14 22:21:50] TOP_SEASON | loaded
[2026-05-14 22:22:02] TOP_SEASON | loaded
[2026-05-14 22:27:50] TOP_SEASON | loaded
[2026-05-14 22:28:14] SCRAPE | title=Tongari Boushi no Atelier
[2026-05-14 22:34:09] TOP_SEASON | loaded
[2026-05-14 22:34:14] TOP_SEASON | loaded
[2026-05-14 22:35:11] SCRAPE | title=Tensei shitara Slime Datta Ken 4th Season
[2026-05-14 22:38:27] TOP_SEASON | loaded
[2026-05-14 22:39:57] TOP_SEASON | loaded
[2026-05-14 22:51:28] TOP_SEASON | loaded
[2026-05-14 22:51:42] SCRAPE | title=Tongari Boushi no Atelier
[2026-05-14 22:51:48] RANDOM | loaded
[2026-05-14 22:51:50] SCRAPE | title=Running Man: Unfinished Stories
[2026-05-14 23:03:59] TOP_SEASON | loaded
[2026-05-14 23:09:07] TOP_SEASON | loaded
[2026-05-14 23:09:18] SCRAPE | title=Tongari Boushi no Atelier
[2026-05-15 16:11:27] TOP_SEASON | loaded
[2026-05-15 16:11:42] TOP_SEASON | loaded
[2026-05-15 16:11:45] RANDOM | loaded
[2026-05-15 16:11:49] SCRAPE | title=Serenade (2026)
[2026-05-15 23:32:03] TOP_SEASON | loaded
[2026-05-15 23:32:46] RANDOM | loaded
[2026-05-15 23:32:57] SCRAPE | title=Kigurumikku V3
[2026-05-15 23:33:04] RANDOM | loaded
[2026-05-15 23:33:06] SCRAPE | title=Athlon Tobot 2
[2026-05-15 23:37:40] TOP_SEASON | loaded
[2026-05-15 23:37:53] RANDOM | loaded
[2026-05-15 23:38:24] TOP_SEASON | loaded
[2026-05-15 23:59:33] TOP_SEASON | loaded
[2026-05-15 23:59:45] TOP_SEASON | loaded
[2026-05-15 23:59:47] RANDOM | loaded
[2026-05-15 23:59:48] TOP_SEASON | loaded
[2026-05-15 23:59:50] RANDOM | loaded
[2026-05-16 00:05:09] TOP_SEASON | loaded
[2026-05-16 00:05:17] TOP_SEASON | loaded
[2026-05-16 00:05:18] RANDOM | loaded
[2026-05-16 00:05:21] SCRAPE | title=Charmmy Kitty
[2026-05-16 00:05:25] RANDOM | loaded
[2026-05-16 00:05:26] SCRAPE | title=Koukaku Kidoutai: Stand Alone Complex - Solid State Society 3D - Tachikoma na Hibi
[2026-05-19 18:23:10] TOP_SEASON | loaded
[2026-05-19 18:23:16] TOP_SEASON | loaded
[2026-05-19 18:23:20] RANDOM | loaded
[2026-05-19 18:23:22] SCRAPE | title=Zhe Tian Movie: Bei Guan Zhan Wang Teng
[2026-05-19 18:23:28] RANDOM | loaded
[2026-05-19 18:23:31] SCRAPE | title=11eyes: Momoiro Genmutan
[2026-05-19 18:23:43] SEARCH | query=naruto
[2026-05-19 19:14:22] TOP_SEASON | loaded
[2026-05-19 19:14:32] SCRAPE | title=Yomi no Tsugai
[2026-05-19 19:14:36] SCRAPE | title=Tsue to Tsurugi no Wistoria Season 2
